../Core/Src/main.c:130:5:main	8	static
../Core/Src/main.c:228:6:SystemClock_Config	88	static
../Core/Src/main.c:286:13:MX_ADC1_Init	24	static
../Core/Src/main.c:338:13:MX_ETH_Init	8	static
../Core/Src/main.c:387:13:MX_USART3_UART_Init	8	static
../Core/Src/main.c:422:13:MX_USB_OTG_FS_PCD_Init	8	static
../Core/Src/main.c:457:13:MX_GPIO_Init	56	static
../Core/Src/main.c:515:6:HAL_GPIO_EXTI_Callback	24	static
../Core/Src/main.c:535:6:Tarefa_produtora_fun	32	static
../Core/Src/main.c:576:6:Tarefa_consumidora_fun	168	static
../Core/Src/main.c:621:6:HAL_TIM_PeriodElapsedCallback	16	static
../Core/Src/main.c:639:6:Error_Handler	4	static,ignoring_inline_asm
